============================= test session starts =============================
platform win32 -- Python 3.13.5, pytest-8.4.2, pluggy-1.6.0 -- C:\Python313\python.exe
cachedir: .pytest_cache
PySide6 6.10.0 -- Qt runtime 6.10.0 -- Qt compiled 6.10.0
rootdir: \\wsl.localhost\Ubuntu\home\mario\projects\wheelwright-ai\framework
plugins: anyio-4.11.0, asyncio-1.2.0, qt-4.5.0, timeout-2.4.0
asyncio: mode=Mode.STRICT, debug=False, asyncio_default_fixture_loop_scope=None, asyncio_default_test_loop_scope=function
collecting ... collected 162 items

wai/cli/tests/test_formatter.py::TestCLIFormatterInitialization::test_formatter_initializes PASSED [  0%]
wai/cli/tests/test_formatter.py::TestCLIFormatterInitialization::test_formatter_detects_rich PASSED [  1%]
wai/cli/tests/test_formatter.py::TestCLIFormatterInitialization::test_formatter_respects_use_rich_flag PASSED [  1%]
wai/cli/tests/test_formatter.py::TestMessageFormatting::test_print_success FAILED [  2%]
wai/cli/tests/test_formatter.py::TestMessageFormatting::test_print_error FAILED [  3%]
wai/cli/tests/test_formatter.py::TestMessageFormatting::test_print_warning FAILED [  3%]
wai/cli/tests/test_formatter.py::TestMessageFormatting::test_print_info FAILED [  4%]
wai/cli/tests/test_formatter.py::TestMessageFormatting::test_print_header PASSED [  4%]
wai/cli/tests/test_formatter.py::TestTableFormatting::test_print_table_with_data PASSED [  5%]
wai/cli/tests/test_formatter.py::TestTableFormatting::test_print_table_empty_data PASSED [  6%]
wai/cli/tests/test_formatter.py::TestTableFormatting::test_print_table_with_columns FAILED [  6%]
wai/cli/tests/test_formatter.py::TestTableFormatting::test_print_table_with_title FAILED [  7%]
wai/cli/tests/test_formatter.py::TestTableFormatting::test_print_table_multiple_rows PASSED [  8%]
wai/cli/tests/test_formatter.py::TestTableFormatting::test_simple_table_handles_missing_keys PASSED [  8%]
wai/cli/tests/test_formatter.py::TestTableColumn::test_table_column_creation PASSED [  9%]
wai/cli/tests/test_formatter.py::TestTableColumn::test_table_column_with_width PASSED [  9%]
wai/cli/tests/test_formatter.py::TestTableColumn::test_table_column_with_alignment PASSED [ 10%]
wai/cli/tests/test_formatter.py::TestTableColumn::test_table_column_defaults PASSED [ 11%]
wai/cli/tests/test_formatter.py::TestFormatterSingleton::test_get_formatter_returns_instance PASSED [ 11%]
wai/cli/tests/test_formatter.py::TestFormatterSingleton::test_get_formatter_caches PASSED [ 12%]
wai/cli/tests/test_formatter.py::TestFormatterSingleton::test_reset_formatter PASSED [ 12%]
wai/cli/tests/test_formatter.py::TestFormatterGracefulDegradation::test_works_without_rich PASSED [ 13%]
wai/cli/tests/test_formatter.py::TestFormatterGracefulDegradation::test_table_fallback_works PASSED [ 14%]
wai/cli/tests/test_formatter.py::TestFormatterEdgeCases::test_print_success_empty_message FAILED [ 14%]
wai/cli/tests/test_formatter.py::TestFormatterEdgeCases::test_print_table_with_none_values PASSED [ 15%]
wai/cli/tests/test_formatter.py::TestFormatterEdgeCases::test_print_table_with_special_characters PASSED [ 16%]
wai/cli/tests/test_formatter.py::TestFormatterEdgeCases::test_print_header_custom_width PASSED [ 16%]
wai/cli/tests/test_formatter.py::TestFormatterRichIntegration::test_uses_rich_when_available FAILED [ 17%]
wai/cli/tests/test_formatter.py::TestFormatterIntegration::test_full_workflow FAILED [ 17%]
wai/cli/tests/test_formatter.py::TestFormatterIntegration::test_multiple_formatters_independent PASSED [ 18%]
wai/cli/tests/test_integration.py::TestInitToLearnToCycleIntegration::test_init_hub_then_spoke PASSED [ 19%]
wai/cli/tests/test_integration.py::TestInitToLearnToCycleIntegration::test_init_and_learn_workflow PASSED [ 19%]
wai/cli/tests/test_integration.py::TestInitToLearnToCycleIntegration::test_init_and_teach_workflow PASSED [ 20%]
wai/cli/tests/test_integration.py::TestInitToLearnToCycleIntegration::test_complete_hub_spoke_learn_teach_cycle PASSED [ 20%]
wai/cli/tests/test_integration.py::TestLearnCommandIntegration::test_learn_discovers_signals PASSED [ 21%]
wai/cli/tests/test_integration.py::TestLearnCommandIntegration::test_learn_with_high_priority PASSED [ 22%]
wai/cli/tests/test_integration.py::TestLearnCommandIntegration::test_learn_with_normal_priority PASSED [ 22%]
wai/cli/tests/test_integration.py::TestLearnCommandIntegration::test_learn_with_low_priority PASSED [ 23%]
wai/cli/tests/test_integration.py::TestLearnCommandIntegration::test_learn_with_force_flag PASSED [ 24%]
wai/cli/tests/test_integration.py::TestLearnCommandIntegration::test_learn_json_output_format FAILED [ 24%]
wai/cli/tests/test_integration.py::TestLearnCommandIntegration::test_learn_json_has_signals_array FAILED [ 25%]
wai/cli/tests/test_integration.py::TestTeachCommandIntegration::test_teach_basic_workflow PASSED [ 25%]
wai/cli/tests/test_integration.py::TestTeachCommandIntegration::test_teach_with_force_flag PASSED [ 26%]
wai/cli/tests/test_integration.py::TestTeachCommandIntegration::test_teach_json_output_format FAILED [ 27%]
wai/cli/tests/test_integration.py::TestStatsCommandIntegration::test_stats_table_format PASSED [ 27%]
wai/cli/tests/test_integration.py::TestStatsCommandIntegration::test_stats_json_format PASSED [ 28%]
wai/cli/tests/test_integration.py::TestStatsCommandIntegration::test_stats_text_format PASSED [ 29%]
wai/cli/tests/test_integration.py::TestStatsCommandIntegration::test_stats_with_all_flag PASSED [ 29%]
wai/cli/tests/test_integration.py::TestReviewCommandIntegration::test_review_text_format PASSED [ 30%]
wai/cli/tests/test_integration.py::TestReviewCommandIntegration::test_review_json_format PASSED [ 30%]
wai/cli/tests/test_integration.py::TestReviewCommandIntegration::test_review_with_deep_flag PASSED [ 31%]
wai/cli/tests/test_integration.py::TestMultipleCommandSequence::test_learn_multiple_times PASSED [ 32%]
wai/cli/tests/test_integration.py::TestMultipleCommandSequence::test_teach_multiple_times PASSED [ 32%]
wai/cli/tests/test_integration.py::TestMultipleCommandSequence::test_mixed_commands_sequence PASSED [ 33%]
wai/cli/tests/test_integration.py::TestErrorHandlingIntegration::test_keyboard_interrupt_during_learn PASSED [ 33%]
wai/cli/tests/test_integration.py::TestErrorHandlingIntegration::test_keyboard_interrupt_during_teach PASSED [ 34%]
wai/cli/tests/test_integration.py::TestErrorHandlingIntegration::test_exception_during_init PASSED [ 35%]
wai/cli/tests/test_integration.py::TestErrorHandlingIntegration::test_exception_during_learn PASSED [ 35%]
wai/cli/tests/test_integration.py::TestAnimationIntegration::test_init_shows_animation PASSED [ 36%]
wai/cli/tests/test_integration.py::TestAnimationIntegration::test_learn_shows_animation PASSED [ 37%]
wai/cli/tests/test_integration.py::TestAnimationIntegration::test_teach_shows_animation PASSED [ 37%]
wai/cli/tests/test_integration.py::TestOutputConsistency::test_all_commands_return_valid_exit_codes PASSED [ 38%]
wai/cli/tests/test_integration.py::TestOutputConsistency::test_json_output_is_valid_json FAILED [ 38%]
wai/cli/tests/test_integration.py::TestStateManagement::test_init_creates_state PASSED [ 39%]
wai/cli/tests/test_integration.py::TestStateManagement::test_learn_updates_signals PASSED [ 40%]
wai/cli/tests/test_main.py::TestMainParser::test_parser_created PASSED   [ 40%]
wai/cli/tests/test_main.py::TestMainParser::test_parser_has_verbs PASSED [ 41%]
wai/cli/tests/test_main.py::TestMainParser::test_parse_init_hub PASSED   [ 41%]
wai/cli/tests/test_main.py::TestMainParser::test_parse_init_spoke PASSED [ 42%]
wai/cli/tests/test_main.py::TestMainParser::test_parse_learn PASSED      [ 43%]
wai/cli/tests/test_main.py::TestMainParser::test_parse_learn_with_priority PASSED [ 43%]
wai/cli/tests/test_main.py::TestMainParser::test_parse_learn_with_force PASSED [ 44%]
wai/cli/tests/test_main.py::TestMainParser::test_parse_teach PASSED      [ 45%]
wai/cli/tests/test_main.py::TestMainParser::test_parse_stats PASSED      [ 45%]
wai/cli/tests/test_main.py::TestMainParser::test_parse_stats_with_format PASSED [ 46%]
wai/cli/tests/test_main.py::TestMainParser::test_parse_review PASSED     [ 46%]
wai/cli/tests/test_main.py::TestMainParser::test_version_flag PASSED     [ 47%]
wai/cli/tests/test_main.py::TestCommandInit::test_init_hub PASSED        [ 48%]
wai/cli/tests/test_main.py::TestCommandInit::test_init_spoke PASSED      [ 48%]
wai/cli/tests/test_main.py::TestCommandLearn::test_learn_basic PASSED    [ 49%]
wai/cli/tests/test_main.py::TestCommandLearn::test_learn_with_priority PASSED [ 50%]
wai/cli/tests/test_main.py::TestCommandLearn::test_learn_json_output FAILED [ 50%]
wai/cli/tests/test_main.py::TestCommandTeach::test_teach_basic PASSED    [ 51%]
wai/cli/tests/test_main.py::TestCommandTeach::test_teach_json_output FAILED [ 51%]
wai/cli/tests/test_main.py::TestCommandStats::test_stats_basic PASSED    [ 52%]
wai/cli/tests/test_main.py::TestCommandStats::test_stats_json_format PASSED [ 53%]
wai/cli/tests/test_main.py::TestCommandStats::test_stats_table_format PASSED [ 53%]
wai/cli/tests/test_main.py::TestCommandReview::test_review_basic PASSED  [ 54%]
wai/cli/tests/test_main.py::TestCommandReview::test_review_json_output FAILED [ 54%]
wai/cli/tests/test_main.py::TestMainEntryPoint::test_main_no_args_shows_help FAILED [ 55%]
wai/cli/tests/test_main.py::TestMainEntryPoint::test_main_init_hub PASSED [ 56%]
wai/cli/tests/test_main.py::TestMainEntryPoint::test_main_learn PASSED   [ 56%]
wai/cli/tests/test_main.py::TestMainEntryPoint::test_main_teach PASSED   [ 57%]
wai/cli/tests/test_main.py::TestMainEntryPoint::test_main_stats PASSED   [ 58%]
wai/cli/tests/test_main.py::TestMainEntryPoint::test_main_review PASSED  [ 58%]
wai/cli/tests/test_main.py::TestMainEntryPoint::test_main_invalid_command FAILED [ 59%]
wai/cli/tests/test_main.py::TestMainEntryPoint::test_main_help_flag PASSED [ 59%]
wai/cli/tests/test_main.py::TestMainEntryPoint::test_main_version_flag PASSED [ 60%]
wai/cli/tests/test_main.py::TestErrorHandling::test_keyboard_interrupt PASSED [ 61%]
wai/cli/tests/test_main.py::TestErrorHandling::test_general_exception PASSED [ 61%]
wai/cli/tests/test_main.py::TestIntegration::test_full_workflow PASSED   [ 62%]
wai/cli/tests/test_main.py::TestIntegration::test_json_workflow FAILED   [ 62%]
wai/cli/tests/test_state_manager.py::TestStateManagerInitialization::test_state_manager_created PASSED [ 63%]
wai/cli/tests/test_state_manager.py::TestStateManagerInitialization::test_detects_node_type_unknown PASSED [ 64%]
wai/cli/tests/test_state_manager.py::TestStateManagerInitialization::test_detects_hub_marker PASSED [ 64%]
wai/cli/tests/test_state_manager.py::TestStateManagerInitialization::test_detects_spoke_marker PASSED [ 65%]
wai/cli/tests/test_state_manager.py::TestStateLoading::test_load_default_state PASSED [ 66%]
wai/cli/tests/test_state_manager.py::TestStateLoading::test_load_existing_state PASSED [ 66%]
wai/cli/tests/test_state_manager.py::TestStateSaving::test_save_state PASSED [ 67%]
wai/cli/tests/test_state_manager.py::TestStateSaving::test_save_creates_backup PASSED [ 67%]
wai/cli/tests/test_state_manager.py::TestSignalDiscovery::test_discover_no_signals PASSED [ 68%]
wai/cli/tests/test_state_manager.py::TestSignalDiscovery::test_discover_existing_signals PASSED [ 69%]
wai/cli/tests/test_state_manager.py::TestSignalDiscovery::test_add_signal PASSED [ 69%]
wai/cli/tests/test_state_manager.py::TestNodeInfo::test_get_node_info_unknown PASSED [ 70%]
wai/cli/tests/test_state_manager.py::TestNodeInfo::test_get_node_info_spoke PASSED [ 70%]
wai/cli/tests/test_state_manager.py::TestNodeInfo::test_node_info_includes_signals PASSED [ 71%]
wai/cli/tests/test_state_manager.py::TestMetadataUpdate::test_update_name PASSED [ 72%]
wai/cli/tests/test_state_manager.py::TestMetadataUpdate::test_update_description PASSED [ 72%]
wai/cli/tests/test_state_manager.py::TestHubCreation::test_create_hub PASSED [ 73%]
wai/cli/tests/test_state_manager.py::TestHubCreation::test_create_hub_with_description PASSED [ 74%]
wai/cli/tests/test_state_manager.py::TestSpokeCreation::test_create_spoke PASSED [ 74%]
wai/cli/tests/test_state_manager.py::TestSpokeCreation::test_create_spoke_files PASSED [ 75%]
wai/cli/tests/test_state_manager.py::TestSpokeCreation::test_spoke_state_has_hub_id PASSED [ 75%]
wai/cli/tests/test_state_manager.py::TestSingleton::test_get_manager_returns_instance PASSED [ 76%]
wai/cli/tests/test_state_manager.py::TestSingleton::test_get_manager_caches PASSED [ 77%]
wai/cli/tests/test_state_manager.py::TestSingleton::test_reset_manager PASSED [ 77%]
wai/cli/tests/test_state_manager.py::TestIntegration::test_full_spoke_workflow PASSED [ 78%]
wai/cli/tests/test_state_manager.py::TestIntegration::test_full_hub_workflow PASSED [ 79%]
wai/cli/tests/test_wheel.py::TestWagonWheelFrames::test_wheel_has_12_frames PASSED [ 79%]
wai/cli/tests/test_wheel.py::TestWagonWheelFrames::test_frames_are_strings PASSED [ 80%]
wai/cli/tests/test_wheel.py::TestWagonWheelFrames::test_get_frame_returns_correct_frame PASSED [ 80%]
wai/cli/tests/test_wheel.py::TestWagonWheelFrames::test_get_frame_pads_to_width PASSED [ 81%]
wai/cli/tests/test_wheel.py::TestWagonWheelFrames::test_get_frame_cycles PASSED [ 82%]
wai/cli/tests/test_wheel.py::TestWagonWheelFrames::test_render_all_frames PASSED [ 82%]
wai/cli/tests/test_wheel.py::TestWagonWheelAnimation::test_roll_animation_executes PASSED [ 83%]
wai/cli/tests/test_wheel.py::TestWagonWheelAnimation::test_roll_disabled_in_non_tty PASSED [ 83%]
wai/cli/tests/test_wheel.py::TestWagonWheelAnimation::test_pulse_animation_executes PASSED [ 84%]
wai/cli/tests/test_wheel.py::TestWagonWheelAnimation::test_roll_clears_line_after PASSED [ 85%]
wai/cli/tests/test_wheel.py::TestWagonWheelSpeed::test_fast_speed PASSED [ 85%]
wai/cli/tests/test_wheel.py::TestWagonWheelSpeed::test_medium_speed PASSED [ 86%]
wai/cli/tests/test_wheel.py::TestWagonWheelSpeed::test_slow_speed PASSED [ 87%]
wai/cli/tests/test_wheel.py::TestWagonWheelSpeed::test_unknown_speed_defaults_to_medium PASSED [ 87%]
wai/cli/tests/test_wheel.py::TestWagonWheelTTYDetection::test_detects_tty_correctly PASSED [ 88%]
wai/cli/tests/test_wheel.py::TestWagonWheelTTYDetection::test_detects_non_tty_correctly PASSED [ 88%]
wai/cli/tests/test_wheel.py::TestWagonWheelTTYDetection::test_enabled_false_disables_animation PASSED [ 89%]
wai/cli/tests/test_wheel.py::TestWagonWheelTTYDetection::test_enabled_true_respects_tty_status PASSED [ 90%]
wai/cli/tests/test_wheel.py::TestWagonWheelSingleton::test_get_wagon_wheel_returns_instance PASSED [ 90%]
wai/cli/tests/test_wheel.py::TestWagonWheelSingleton::test_get_wagon_wheel_returns_same_instance PASSED [ 91%]
wai/cli/tests/test_wheel.py::TestWagonWheelSingleton::test_reset_wheel_clears_singleton PASSED [ 91%]
wai/cli/tests/test_wheel.py::TestWagonWheelSingleton::test_get_wagon_wheel_respects_config PASSED [ 92%]
wai/cli/tests/test_wheel.py::TestWagonWheelErrorHandling::test_keyboard_interrupt_handled FAILED [ 93%]
wai/cli/tests/test_wheel.py::TestWagonWheelErrorHandling::test_negative_duration PASSED [ 93%]
wai/cli/tests/test_wheel.py::TestWagonWheelErrorHandling::test_zero_duration PASSED [ 94%]
wai/cli/tests/test_wheel.py::TestWagonWheelErrorHandling::test_very_large_duration PASSED [ 95%]
wai/cli/tests/test_wheel.py::TestWagonWheelConfiguration::test_custom_width PASSED [ 95%]
wai/cli/tests/test_wheel.py::TestWagonWheelConfiguration::test_custom_frames PASSED [ 96%]
wai/cli/tests/test_wheel.py::TestWagonWheelConfiguration::test_default_configuration PASSED [ 96%]
wai/cli/tests/test_wheel.py::TestWagonWheelOutput::test_frame_output_format PASSED [ 97%]
wai/cli/tests/test_wheel.py::TestWagonWheelOutput::test_all_frames_contain_wheel_chars PASSED [ 98%]
wai/cli/tests/test_wheel.py::TestWagonWheelIntegration::test_complete_animation_cycle PASSED [ 98%]
wai/cli/tests/test_wheel.py::TestWagonWheelIntegration::test_multiple_wheels_independent PASSED [ 99%]
wai/cli/tests/test_wheel.py::TestWagonWheelIntegration::test_sequential_animations PASSED [100%]

================================== FAILURES ===================================
__________________ TestMessageFormatting.test_print_success ___________________

self = <wai.cli.tests.test_formatter.TestMessageFormatting object at 0x000001BD042BAAD0>
capsys = <_pytest.capture.CaptureFixture object at 0x000001BD05619550>

    def test_print_success(self, capsys):
        """Should print success message."""
        formatter = CLIFormatter(use_rich=False)
        formatter.print_success("Test message")
        captured = capsys.readouterr()
>       assert "\u2705" in captured.out
E       AssertionError: assert '\u2705' in '[OK] Test message\\n'
E        +  where '[OK] Test message\n' = CaptureResult(out='[OK] Test message\n', err='').out

wai\cli\tests\test_formatter.py:47: AssertionError
___________________ TestMessageFormatting.test_print_error ____________________

self = <wai.cli.tests.test_formatter.TestMessageFormatting object at 0x000001BD042BA990>
capsys = <_pytest.capture.CaptureFixture object at 0x000001BD0561E990>

    def test_print_error(self, capsys):
        """Should print error message."""
        formatter = CLIFormatter(use_rich=False)
        formatter.print_error("Error message")
        captured = capsys.readouterr()
>       assert "\u274c" in captured.out
E       AssertionError: assert '\u274c' in '[ERROR] Error message\\n'
E        +  where '[ERROR] Error message\n' = CaptureResult(out='[ERROR] Error message\n', err='').out

wai\cli\tests\test_formatter.py:55: AssertionError
__________________ TestMessageFormatting.test_print_warning ___________________

self = <wai.cli.tests.test_formatter.TestMessageFormatting object at 0x000001BD042CAD70>
capsys = <_pytest.capture.CaptureFixture object at 0x000001BD0561F390>

    def test_print_warning(self, capsys):
        """Should print warning message."""
        formatter = CLIFormatter(use_rich=False)
        formatter.print_warning("Warning message")
        captured = capsys.readouterr()
>       assert "\u26a0\ufe0f" in captured.out
E       AssertionError: assert '\u26a0\ufe0f' in '[WARN] Warning message\\n'
E        +  where '[WARN] Warning message\n' = CaptureResult(out='[WARN] Warning message\n', err='').out

wai\cli\tests\test_formatter.py:63: AssertionError
____________________ TestMessageFormatting.test_print_info ____________________

self = <wai.cli.tests.test_formatter.TestMessageFormatting object at 0x000001BD042CAFD0>
capsys = <_pytest.capture.CaptureFixture object at 0x000001BD055CF490>

    def test_print_info(self, capsys):
        """Should print info message."""
        formatter = CLIFormatter(use_rich=False)
        formatter.print_info("Info message")
        captured = capsys.readouterr()
>       assert "\u2139\ufe0f" in captured.out
E       AssertionError: assert '\u2139\ufe0f' in '[INFO] Info message\\n'
E        +  where '[INFO] Info message\n' = CaptureResult(out='[INFO] Info message\n', err='').out

wai\cli\tests\test_formatter.py:71: AssertionError
______________ TestTableFormatting.test_print_table_with_columns ______________

self = <wai.cli.tests.test_formatter.TestTableFormatting object at 0x000001BD042CB100>
capsys = <_pytest.capture.CaptureFixture object at 0x000001BD05586F10>

    def test_print_table_with_columns(self, capsys):
        """Should use column definitions."""
        formatter = CLIFormatter(use_rich=False)
        columns = [
            TableColumn(name="Project", key="name"),
            TableColumn(name="Status", key="status")
        ]
        data = [
            {"name": "ProjectA", "status": "Active"}
        ]
>       formatter.print_table(data, columns=columns, title="Projects")

wai\cli\tests\test_formatter.py:115: 
_ _ _ _ _ _ _ _ _ _ _ _ _ _ _ _ _ _ _ _ _ _ _ _ _ _ _ _ _ _ _ _ _ _ _ _ _ _ _ _
wai\cli\visuals\formatter.py:133: in print_table
    self._print_simple_table(data, columns, title)
_ _ _ _ _ _ _ _ _ _ _ _ _ _ _ _ _ _ _ _ _ _ _ _ _ _ _ _ _ _ _ _ _ _ _ _ _ _ _ _

self = <wai.cli.visuals.formatter.CLIFormatter object at 0x000001BD05589F40>
data = [{'name': 'ProjectA', 'status': 'Active'}]
columns = [TableColumn(name='Project', key='name', width=None, align='left'), TableColumn(name='Status', key='status', width=None, align='left')]
title = 'Projects'

    def _print_simple_table(
        self,
        data: List[Dict[str, Any]],
        columns: Optional[List[TableColumn]] = None,
        title: Optional[str] = None
    ):
        """Print simple ASCII table."""
        if not data:
            return
    
        # Determine columns
        if columns:
            col_keys = [c.key for c in columns]
            col_names = [c.name for c in columns]
        else:
            col_keys = list(data[0].keys())
            col_names = col_keys
    
        # Calculate column widths
        widths = {}
        for key, name in zip(col_keys, col_names):
            max_width = len(name)
            for row in data:
                max_width = max(max_width, len(str(row.get(key, ''))))
            widths[key] = max_width
    
        # Print title
        if title:
            print(f"\n{title}")
>           print("=" * sum(widths.values()) + len(widths) * 3)
                  ^^^^^^^^^^^^^^^^^^^^^^^^^^^^^^^^^^^^^^^^^^^^
E           TypeError: can only concatenate str (not "int") to str

wai\cli\visuals\formatter.py:198: TypeError
---------------------------- Captured stdout call -----------------------------

Projects
_______________ TestTableFormatting.test_print_table_with_title _______________

self = <wai.cli.tests.test_formatter.TestTableFormatting object at 0x000001BD042CB230>
capsys = <_pytest.capture.CaptureFixture object at 0x000001BD05640F50>

    def test_print_table_with_title(self, capsys):
        """Should print title with table."""
        formatter = CLIFormatter(use_rich=False)
        data = [{"col1": "val1"}]
>       formatter.print_table(data, title="Test Table")

wai\cli\tests\test_formatter.py:123: 
_ _ _ _ _ _ _ _ _ _ _ _ _ _ _ _ _ _ _ _ _ _ _ _ _ _ _ _ _ _ _ _ _ _ _ _ _ _ _ _
wai\cli\visuals\formatter.py:133: in print_table
    self._print_simple_table(data, columns, title)
_ _ _ _ _ _ _ _ _ _ _ _ _ _ _ _ _ _ _ _ _ _ _ _ _ _ _ _ _ _ _ _ _ _ _ _ _ _ _ _

self = <wai.cli.visuals.formatter.CLIFormatter object at 0x000001BD0558A8A0>
data = [{'col1': 'val1'}], columns = None, title = 'Test Table'

    def _print_simple_table(
        self,
        data: List[Dict[str, Any]],
        columns: Optional[List[TableColumn]] = None,
        title: Optional[str] = None
    ):
        """Print simple ASCII table."""
        if not data:
            return
    
        # Determine columns
        if columns:
            col_keys = [c.key for c in columns]
            col_names = [c.name for c in columns]
        else:
            col_keys = list(data[0].keys())
            col_names = col_keys
    
        # Calculate column widths
        widths = {}
        for key, name in zip(col_keys, col_names):
            max_width = len(name)
            for row in data:
                max_width = max(max_width, len(str(row.get(key, ''))))
            widths[key] = max_width
    
        # Print title
        if title:
            print(f"\n{title}")
>           print("=" * sum(widths.values()) + len(widths) * 3)
                  ^^^^^^^^^^^^^^^^^^^^^^^^^^^^^^^^^^^^^^^^^^^^
E           TypeError: can only concatenate str (not "int") to str

wai\cli\visuals\formatter.py:198: TypeError
---------------------------- Captured stdout call -----------------------------

Test Table
___________ TestFormatterEdgeCases.test_print_success_empty_message ___________

self = <wai.cli.tests.test_formatter.TestFormatterEdgeCases object at 0x000001BD042BB750>
capsys = <_pytest.capture.CaptureFixture object at 0x000001BD05720C90>

    def test_print_success_empty_message(self, capsys):
        """Should handle empty messages."""
        formatter = CLIFormatter(use_rich=False)
        formatter.print_success("")
        captured = capsys.readouterr()
>       assert "\u2705" in captured.out
E       AssertionError: assert '\u2705' in '[OK] \\n'
E        +  where '[OK] \n' = CaptureResult(out='[OK] \n', err='').out

wai\cli\tests\test_formatter.py:234: AssertionError
_________ TestFormatterRichIntegration.test_uses_rich_when_available __________

item = <Function test_uses_rich_when_available>

    @pytest.hookimpl(wrapper=True, tryfirst=True)
    def pytest_runtest_call(item):
>       result = yield
                 ^^^^^

C:\Users\User\AppData\Roaming\Python\Python313\site-packages\pytestqt\plugin.py:187: 
_ _ _ _ _ _ _ _ _ _ _ _ _ _ _ _ _ _ _ _ _ _ _ _ _ _ _ _ _ _ _ _ _ _ _ _ _ _ _ _
C:\Python313\Lib\unittest\mock.py:1423: in patched
    with self.decoration_helper(patched,
C:\Python313\Lib\contextlib.py:141: in __enter__
    return next(self.gen)
           ^^^^^^^^^^^^^^
C:\Python313\Lib\unittest\mock.py:1405: in decoration_helper
    arg = exit_stack.enter_context(patching)
          ^^^^^^^^^^^^^^^^^^^^^^^^^^^^^^^^^^
C:\Python313\Lib\contextlib.py:530: in enter_context
    result = _enter(cm)
             ^^^^^^^^^^
C:\Python313\Lib\unittest\mock.py:1497: in __enter__
    original, local = self.get_original()
                      ^^^^^^^^^^^^^^^^^^^
_ _ _ _ _ _ _ _ _ _ _ _ _ _ _ _ _ _ _ _ _ _ _ _ _ _ _ _ _ _ _ _ _ _ _ _ _ _ _ _

self = <unittest.mock._patch object at 0x000001BD054B06E0>

    def get_original(self):
        target = self.getter()
        name = self.attribute
    
        original = DEFAULT
        local = False
    
        try:
            original = target.__dict__[name]
        except (AttributeError, KeyError):
            original = getattr(target, name, DEFAULT)
        else:
            local = True
    
        if name in _builtins and isinstance(target, ModuleType):
            self.create = True
    
        if not self.create and original is DEFAULT:
>           raise AttributeError(
                "%s does not have the attribute %r" % (target, name)
            )
E           AttributeError: <module 'wai.cli.visuals.formatter' from '\\\\wsl.localhost\\Ubuntu\\home\\mario\\projects\\wheelwright-ai\\framework\\wai\\cli\\visuals\\formatter.py'> does not have the attribute 'Console'

C:\Python313\Lib\unittest\mock.py:1467: AttributeError
_________________ TestFormatterIntegration.test_full_workflow _________________

self = <wai.cli.tests.test_formatter.TestFormatterIntegration object at 0x000001BD042BBB10>
capsys = <_pytest.capture.CaptureFixture object at 0x000001BD0562B6A0>

    def test_full_workflow(self, capsys):
        """Test complete workflow."""
        formatter = CLIFormatter(use_rich=False)
    
        # Print header
        formatter.print_header("Test Section")
    
        # Print messages
        formatter.print_info("Starting operation")
    
        # Print table
        data = [
            {"item": "ItemA", "value": "100"},
            {"item": "ItemB", "value": "200"}
        ]
>       formatter.print_table(data, title="Results")

wai\cli\tests\test_formatter.py:293: 
_ _ _ _ _ _ _ _ _ _ _ _ _ _ _ _ _ _ _ _ _ _ _ _ _ _ _ _ _ _ _ _ _ _ _ _ _ _ _ _
wai\cli\visuals\formatter.py:133: in print_table
    self._print_simple_table(data, columns, title)
_ _ _ _ _ _ _ _ _ _ _ _ _ _ _ _ _ _ _ _ _ _ _ _ _ _ _ _ _ _ _ _ _ _ _ _ _ _ _ _

self = <wai.cli.visuals.formatter.CLIFormatter object at 0x000001BD05774A60>
data = [{'item': 'ItemA', 'value': '100'}, {'item': 'ItemB', 'value': '200'}]
columns = None, title = 'Results'

    def _print_simple_table(
        self,
        data: List[Dict[str, Any]],
        columns: Optional[List[TableColumn]] = None,
        title: Optional[str] = None
    ):
        """Print simple ASCII table."""
        if not data:
            return
    
        # Determine columns
        if columns:
            col_keys = [c.key for c in columns]
            col_names = [c.name for c in columns]
        else:
            col_keys = list(data[0].keys())
            col_names = col_keys
    
        # Calculate column widths
        widths = {}
        for key, name in zip(col_keys, col_names):
            max_width = len(name)
            for row in data:
                max_width = max(max_width, len(str(row.get(key, ''))))
            widths[key] = max_width
    
        # Print title
        if title:
            print(f"\n{title}")
>           print("=" * sum(widths.values()) + len(widths) * 3)
                  ^^^^^^^^^^^^^^^^^^^^^^^^^^^^^^^^^^^^^^^^^^^^
E           TypeError: can only concatenate str (not "int") to str

wai\cli\visuals\formatter.py:198: TypeError
---------------------------- Captured stdout call -----------------------------

============================================================
  Test Section
============================================================

[INFO] Starting operation

Results
__________ TestLearnCommandIntegration.test_learn_json_output_format __________

self = <wai.cli.tests.test_integration.TestLearnCommandIntegration object at 0x000001BD05584160>
capsys = <_pytest.capture.CaptureFixture object at 0x000001BD055A9950>

    def test_learn_json_output_format(self, capsys):
        """Learn with --json should output JSON."""
        with patch('wai.cli.lib.state_manager.StateManager.discover_signals', return_value=['sig1', 'sig2']):
            result = main(['learn', 'ProjectA', '--json'])
            assert result == 0
            captured = capsys.readouterr()
            # Parse JSON output
>           output = json.loads(captured.out)
                     ^^^^^^^^^^^^^^^^^^^^^^^^

wai\cli\tests\test_integration.py:156: 
_ _ _ _ _ _ _ _ _ _ _ _ _ _ _ _ _ _ _ _ _ _ _ _ _ _ _ _ _ _ _ _ _ _ _ _ _ _ _ _
C:\Python313\Lib\json\__init__.py:346: in loads
    return _default_decoder.decode(s)
           ^^^^^^^^^^^^^^^^^^^^^^^^^^
C:\Python313\Lib\json\decoder.py:345: in decode
    obj, end = self.raw_decode(s, idx=_w(s, 0).end())
               ^^^^^^^^^^^^^^^^^^^^^^^^^^^^^^^^^^^^^^
_ _ _ _ _ _ _ _ _ _ _ _ _ _ _ _ _ _ _ _ _ _ _ _ _ _ _ _ _ _ _ _ _ _ _ _ _ _ _ _

self = <json.decoder.JSONDecoder object at 0x000001BD028C74D0>
s = '[INFO] Learning from spoke: ProjectA\n[INFO]   Priority: normal\n{\n  "status": "success",\n  "spoke": "ProjectA",\n ...iority": "normal"\n    },\n    {\n      "id": 1,\n      "priority": "normal"\n    }\n  ],\n  "priority": "normal"\n}\n'
idx = 0

    def raw_decode(self, s, idx=0):
        """Decode a JSON document from ``s`` (a ``str`` beginning with
        a JSON document) and return a 2-tuple of the Python
        representation and the index in ``s`` where the document ended.
    
        This can be used to decode a JSON document from a string that may
        have extraneous data at the end.
    
        """
        try:
            obj, end = self.scan_once(s, idx)
        except StopIteration as err:
>           raise JSONDecodeError("Expecting value", s, err.value) from None
E           json.decoder.JSONDecodeError: Expecting value: line 1 column 2 (char 1)

C:\Python313\Lib\json\decoder.py:363: JSONDecodeError
________ TestLearnCommandIntegration.test_learn_json_has_signals_array ________

self = <wai.cli.tests.test_integration.TestLearnCommandIntegration object at 0x000001BD05584270>
capsys = <_pytest.capture.CaptureFixture object at 0x000001BD055606D0>

    def test_learn_json_has_signals_array(self, capsys):
        """Learn JSON output should include signals array."""
        with patch('wai.cli.lib.state_manager.StateManager.discover_signals', return_value=['sig1', 'sig2', 'sig3']):
            result = main(['learn', 'ProjectA', '--json'])
            assert result == 0
            captured = capsys.readouterr()
>           output = json.loads(captured.out)
                     ^^^^^^^^^^^^^^^^^^^^^^^^

wai\cli\tests\test_integration.py:167: 
_ _ _ _ _ _ _ _ _ _ _ _ _ _ _ _ _ _ _ _ _ _ _ _ _ _ _ _ _ _ _ _ _ _ _ _ _ _ _ _
C:\Python313\Lib\json\__init__.py:346: in loads
    return _default_decoder.decode(s)
           ^^^^^^^^^^^^^^^^^^^^^^^^^^
C:\Python313\Lib\json\decoder.py:345: in decode
    obj, end = self.raw_decode(s, idx=_w(s, 0).end())
               ^^^^^^^^^^^^^^^^^^^^^^^^^^^^^^^^^^^^^^
_ _ _ _ _ _ _ _ _ _ _ _ _ _ _ _ _ _ _ _ _ _ _ _ _ _ _ _ _ _ _ _ _ _ _ _ _ _ _ _

self = <json.decoder.JSONDecoder object at 0x000001BD028C74D0>
s = '[INFO] Learning from spoke: ProjectA\n[INFO]   Priority: normal\n{\n  "status": "success",\n  "spoke": "ProjectA",\n ...iority": "normal"\n    },\n    {\n      "id": 2,\n      "priority": "normal"\n    }\n  ],\n  "priority": "normal"\n}\n'
idx = 0

    def raw_decode(self, s, idx=0):
        """Decode a JSON document from ``s`` (a ``str`` beginning with
        a JSON document) and return a 2-tuple of the Python
        representation and the index in ``s`` where the document ended.
    
        This can be used to decode a JSON document from a string that may
        have extraneous data at the end.
    
        """
        try:
            obj, end = self.scan_once(s, idx)
        except StopIteration as err:
>           raise JSONDecodeError("Expecting value", s, err.value) from None
E           json.decoder.JSONDecodeError: Expecting value: line 1 column 2 (char 1)

C:\Python313\Lib\json\decoder.py:363: JSONDecodeError
__________ TestTeachCommandIntegration.test_teach_json_output_format __________

self = <wai.cli.tests.test_integration.TestTeachCommandIntegration object at 0x000001BD042CBE10>
capsys = <_pytest.capture.CaptureFixture object at 0x000001BD05B0E150>

    def test_teach_json_output_format(self, capsys):
        """Teach with --json should output JSON."""
        with patch('wai.cli.lib.state_manager.StateManager.load_state', return_value={}):
            result = main(['teach', 'ProjectA', '--json'])
            assert result == 0
            captured = capsys.readouterr()
>           output = json.loads(captured.out)
                     ^^^^^^^^^^^^^^^^^^^^^^^^

wai\cli\tests\test_integration.py:195: 
_ _ _ _ _ _ _ _ _ _ _ _ _ _ _ _ _ _ _ _ _ _ _ _ _ _ _ _ _ _ _ _ _ _ _ _ _ _ _ _
C:\Python313\Lib\json\__init__.py:346: in loads
    return _default_decoder.decode(s)
           ^^^^^^^^^^^^^^^^^^^^^^^^^^
C:\Python313\Lib\json\decoder.py:345: in decode
    obj, end = self.raw_decode(s, idx=_w(s, 0).end())
               ^^^^^^^^^^^^^^^^^^^^^^^^^^^^^^^^^^^^^^
_ _ _ _ _ _ _ _ _ _ _ _ _ _ _ _ _ _ _ _ _ _ _ _ _ _ _ _ _ _ _ _ _ _ _ _ _ _ _ _

self = <json.decoder.JSONDecoder object at 0x000001BD028C74D0>
s = '[INFO] Teaching spoke: ProjectA\n{\n  "status": "success",\n  "spoke": "ProjectA",\n  "templates_updated": 3,\n  "tem...ssion-start.md",\n    "reference-guide.md",\n    "patterns.md"\n  ],\n  "timestamp": "2026-02-08T13:27:54.416860"\n}\n'
idx = 0

    def raw_decode(self, s, idx=0):
        """Decode a JSON document from ``s`` (a ``str`` beginning with
        a JSON document) and return a 2-tuple of the Python
        representation and the index in ``s`` where the document ended.
    
        This can be used to decode a JSON document from a string that may
        have extraneous data at the end.
    
        """
        try:
            obj, end = self.scan_once(s, idx)
        except StopIteration as err:
>           raise JSONDecodeError("Expecting value", s, err.value) from None
E           json.decoder.JSONDecodeError: Expecting value: line 1 column 2 (char 1)

C:\Python313\Lib\json\decoder.py:363: JSONDecodeError
____________ TestOutputConsistency.test_json_output_is_valid_json _____________

self = <wai.cli.tests.test_integration.TestOutputConsistency object at 0x000001BD055BD450>
capsys = <_pytest.capture.CaptureFixture object at 0x000001BD055D4050>

    def test_json_output_is_valid_json(self, capsys):
        """All JSON outputs should be valid JSON."""
        with patch('wai.cli.lib.state_manager.StateManager.discover_signals', return_value=[]):
            # Learn JSON
            result = main(['learn', 'ProjectA', '--json'])
            assert result == 0
            captured = capsys.readouterr()
>           output = json.loads(captured.out)  # Should not raise
                     ^^^^^^^^^^^^^^^^^^^^^^^^

wai\cli\tests\test_integration.py:419: 
_ _ _ _ _ _ _ _ _ _ _ _ _ _ _ _ _ _ _ _ _ _ _ _ _ _ _ _ _ _ _ _ _ _ _ _ _ _ _ _
C:\Python313\Lib\json\__init__.py:346: in loads
    return _default_decoder.decode(s)
           ^^^^^^^^^^^^^^^^^^^^^^^^^^
C:\Python313\Lib\json\decoder.py:345: in decode
    obj, end = self.raw_decode(s, idx=_w(s, 0).end())
               ^^^^^^^^^^^^^^^^^^^^^^^^^^^^^^^^^^^^^^
_ _ _ _ _ _ _ _ _ _ _ _ _ _ _ _ _ _ _ _ _ _ _ _ _ _ _ _ _ _ _ _ _ _ _ _ _ _ _ _

self = <json.decoder.JSONDecoder object at 0x000001BD028C74D0>
s = '[INFO] Learning from spoke: ProjectA\n[INFO]   Priority: normal\n{\n  "status": "success",\n  "spoke": "ProjectA",\n  "signals_discovered": 0,\n  "signals": [],\n  "priority": "normal"\n}\n'
idx = 0

    def raw_decode(self, s, idx=0):
        """Decode a JSON document from ``s`` (a ``str`` beginning with
        a JSON document) and return a 2-tuple of the Python
        representation and the index in ``s`` where the document ended.
    
        This can be used to decode a JSON document from a string that may
        have extraneous data at the end.
    
        """
        try:
            obj, end = self.scan_once(s, idx)
        except StopIteration as err:
>           raise JSONDecodeError("Expecting value", s, err.value) from None
E           json.decoder.JSONDecodeError: Expecting value: line 1 column 2 (char 1)

C:\Python313\Lib\json\decoder.py:363: JSONDecodeError
___________________ TestCommandLearn.test_learn_json_output ___________________

self = <wai.cli.tests.test_main.TestCommandLearn object at 0x000001BD055CCB00>
capsys = <_pytest.capture.CaptureFixture object at 0x000001BD055D7A50>

    def test_learn_json_output(self, capsys):
        """Should output JSON when requested."""
        parser = create_parser()
        args = parser.parse_args(['learn', 'ProjectA', '--json'])
        result = cmd_learn(args)
        assert result == 0
        captured = capsys.readouterr()
        # Should be valid JSON
>       output = json.loads(captured.out)
                 ^^^^^^^^^^^^^^^^^^^^^^^^

wai\cli\tests\test_main.py:159: 
_ _ _ _ _ _ _ _ _ _ _ _ _ _ _ _ _ _ _ _ _ _ _ _ _ _ _ _ _ _ _ _ _ _ _ _ _ _ _ _
C:\Python313\Lib\json\__init__.py:346: in loads
    return _default_decoder.decode(s)
           ^^^^^^^^^^^^^^^^^^^^^^^^^^
C:\Python313\Lib\json\decoder.py:345: in decode
    obj, end = self.raw_decode(s, idx=_w(s, 0).end())
               ^^^^^^^^^^^^^^^^^^^^^^^^^^^^^^^^^^^^^^
_ _ _ _ _ _ _ _ _ _ _ _ _ _ _ _ _ _ _ _ _ _ _ _ _ _ _ _ _ _ _ _ _ _ _ _ _ _ _ _

self = <json.decoder.JSONDecoder object at 0x000001BD028C74D0>
s = '[INFO] Learning from spoke: ProjectA\n[INFO]   Priority: normal\n{\n  "status": "success",\n  "spoke": "ProjectA",\n ...ority": "normal"\n    },\n    {\n      "id": 64,\n      "priority": "normal"\n    }\n  ],\n  "priority": "normal"\n}\n'
idx = 0

    def raw_decode(self, s, idx=0):
        """Decode a JSON document from ``s`` (a ``str`` beginning with
        a JSON document) and return a 2-tuple of the Python
        representation and the index in ``s`` where the document ended.
    
        This can be used to decode a JSON document from a string that may
        have extraneous data at the end.
    
        """
        try:
            obj, end = self.scan_once(s, idx)
        except StopIteration as err:
>           raise JSONDecodeError("Expecting value", s, err.value) from None
E           json.decoder.JSONDecodeError: Expecting value: line 1 column 2 (char 1)

C:\Python313\Lib\json\decoder.py:363: JSONDecodeError
___________________ TestCommandTeach.test_teach_json_output ___________________

self = <wai.cli.tests.test_main.TestCommandTeach object at 0x000001BD055BE0D0>
capsys = <_pytest.capture.CaptureFixture object at 0x000001BD05752250>

    def test_teach_json_output(self, capsys):
        """Should output JSON when requested."""
        parser = create_parser()
        args = parser.parse_args(['teach', 'ProjectA', '--json'])
        result = cmd_teach(args)
        assert result == 0
        captured = capsys.readouterr()
>       output = json.loads(captured.out)
                 ^^^^^^^^^^^^^^^^^^^^^^^^

wai\cli\tests\test_main.py:183: 
_ _ _ _ _ _ _ _ _ _ _ _ _ _ _ _ _ _ _ _ _ _ _ _ _ _ _ _ _ _ _ _ _ _ _ _ _ _ _ _
C:\Python313\Lib\json\__init__.py:346: in loads
    return _default_decoder.decode(s)
           ^^^^^^^^^^^^^^^^^^^^^^^^^^
C:\Python313\Lib\json\decoder.py:345: in decode
    obj, end = self.raw_decode(s, idx=_w(s, 0).end())
               ^^^^^^^^^^^^^^^^^^^^^^^^^^^^^^^^^^^^^^
_ _ _ _ _ _ _ _ _ _ _ _ _ _ _ _ _ _ _ _ _ _ _ _ _ _ _ _ _ _ _ _ _ _ _ _ _ _ _ _

self = <json.decoder.JSONDecoder object at 0x000001BD028C74D0>
s = '[INFO] Teaching spoke: ProjectA\n{\n  "status": "success",\n  "spoke": "ProjectA",\n  "templates_updated": 3,\n  "tem...ssion-start.md",\n    "reference-guide.md",\n    "patterns.md"\n  ],\n  "timestamp": "2026-02-08T13:27:55.413999"\n}\n'
idx = 0

    def raw_decode(self, s, idx=0):
        """Decode a JSON document from ``s`` (a ``str`` beginning with
        a JSON document) and return a 2-tuple of the Python
        representation and the index in ``s`` where the document ended.
    
        This can be used to decode a JSON document from a string that may
        have extraneous data at the end.
    
        """
        try:
            obj, end = self.scan_once(s, idx)
        except StopIteration as err:
>           raise JSONDecodeError("Expecting value", s, err.value) from None
E           json.decoder.JSONDecodeError: Expecting value: line 1 column 2 (char 1)

C:\Python313\Lib\json\decoder.py:363: JSONDecodeError
__________________ TestCommandReview.test_review_json_output __________________

self = <wai.cli.tests.test_main.TestCommandReview object at 0x000001BD055BE5D0>
capsys = <_pytest.capture.CaptureFixture object at 0x000001BD05C769D0>

    def test_review_json_output(self, capsys):
        """Should output JSON when requested."""
        parser = create_parser()
>       args = parser.parse_args(['review', 'ProjectA', '--json'])
               ^^^^^^^^^^^^^^^^^^^^^^^^^^^^^^^^^^^^^^^^^^^^^^^^^^^

wai\cli\tests\test_main.py:234: 
_ _ _ _ _ _ _ _ _ _ _ _ _ _ _ _ _ _ _ _ _ _ _ _ _ _ _ _ _ _ _ _ _ _ _ _ _ _ _ _
C:\Python313\Lib\argparse.py:1902: in parse_args
    self.error(msg)
C:\Python313\Lib\argparse.py:2658: in error
    self.exit(2, _('%(prog)s: error: %(message)s\n') % args)
_ _ _ _ _ _ _ _ _ _ _ _ _ _ _ _ _ _ _ _ _ _ _ _ _ _ _ _ _ _ _ _ _ _ _ _ _ _ _ _

self = ArgumentParser(prog='wai', usage=None, description='Wheelwright AI - Build AI wheels that roll forward forever', formatter_class=<class 'argparse.RawDescriptionHelpFormatter'>, conflict_handler='error', add_help=True)
status = 2, message = 'wai: error: unrecognized arguments: --json\n'

    def exit(self, status=0, message=None):
        if message:
            self._print_message(message, _sys.stderr)
>       _sys.exit(status)
E       SystemExit: 2

C:\Python313\Lib\argparse.py:2645: SystemExit
---------------------------- Captured stderr call -----------------------------
usage: wai [-h] [--version] [--no-animation]
           {init,learn,teach,stats,review} ...
wai: error: unrecognized arguments: --json
_______________ TestMainEntryPoint.test_main_no_args_shows_help _______________

self = <wai.cli.tests.test_main.TestMainEntryPoint object at 0x000001BD055BE710>
capsys = <_pytest.capture.CaptureFixture object at 0x000001BD05752BD0>

    def test_main_no_args_shows_help(self, capsys):
        """main() with no args should show welcome banner."""
>       result = main([])
                 ^^^^^^^^

wai\cli\tests\test_main.py:247: 
_ _ _ _ _ _ _ _ _ _ _ _ _ _ _ _ _ _ _ _ _ _ _ _ _ _ _ _ _ _ _ _ _ _ _ _ _ _ _ _
wai\cli\main.py:647: in main
    choice = show_interactive_menu()
             ^^^^^^^^^^^^^^^^^^^^^^^
wai\cli\main.py:335: in show_interactive_menu
    choice = safe_menu_choice("Select option", options, default='1')
             ^^^^^^^^^^^^^^^^^^^^^^^^^^^^^^^^^^^^^^^^^^^^^^^^^^^^^^^
wai\utils\input.py:444: in safe_menu_choice
    ch = getch()
         ^^^^^^^
wai\utils\input.py:42: in getch
    import tty
_ _ _ _ _ _ _ _ _ _ _ _ _ _ _ _ _ _ _ _ _ _ _ _ _ _ _ _ _ _ _ _ _ _ _ _ _ _ _ _

    """Terminal utilities."""
    
    # Author: Steen Lumholt.
    
>   from termios import *
E   ModuleNotFoundError: No module named 'termios'

C:\Python313\Lib\tty.py:5: ModuleNotFoundError
---------------------------- Captured stdout call -----------------------------
\n    +===============================================+\n    |                                               |\n    |         WHEELWRIGHT AI                        |\n    |                                               |\n    |             v3.2.0                            |\n    |                                               |\n    |   Build AI wheels that roll                   |\n    |   forward forever                             |\n    |                                               |\n    +===============================================+\n    \n[INFO] \n\n==================================================\n  WHEELWRIGHT AI - Main Menu\n==================================================\n\n[INFO] \n[INFO]   1/i - \u2728 Initialize\n[INFO]   2/l - \U0001f4da Learn\n[INFO]   3/t - \U0001f393 Teach\n[INFO]   4/s - \U0001f4ca Stats\n[INFO]   5/r - \U0001f4cb Review\n[INFO]   6/h - \u2753 Help\n[INFO]   q/q - \U0001f44b Quit\n[INFO] \n\nSelect option [1]: 
________________ TestMainEntryPoint.test_main_invalid_command _________________

self = ArgumentParser(prog='wai', usage=None, description='Wheelwright AI - Build AI wheels that roll forward forever', formatter_class=<class 'argparse.RawDescriptionHelpFormatter'>, conflict_handler='error', add_help=True)
args = ['invalid'], namespace = Namespace(no_animation=False, verb=None)
intermixed = False

    def _parse_known_args2(self, args, namespace, intermixed):
        if args is None:
            # args default to the system args
            args = _sys.argv[1:]
        else:
            # make sure that args are mutable
            args = list(args)
    
        # default Namespace built from parser defaults
        if namespace is None:
            namespace = Namespace()
    
        # add any action defaults that aren't present
        for action in self._actions:
            if action.dest is not SUPPRESS:
                if not hasattr(namespace, action.dest):
                    if action.default is not SUPPRESS:
                        setattr(namespace, action.dest, action.default)
    
        # add any parser defaults that aren't present
        for dest in self._defaults:
            if not hasattr(namespace, dest):
                setattr(namespace, dest, self._defaults[dest])
    
        # parse the arguments and exit if there are any errors
        if self.exit_on_error:
            try:
>               namespace, args = self._parse_known_args(args, namespace, intermixed)
                                  ^^^^^^^^^^^^^^^^^^^^^^^^^^^^^^^^^^^^^^^^^^^^^^^^^^^

C:\Python313\Lib\argparse.py:1937: 
_ _ _ _ _ _ _ _ _ _ _ _ _ _ _ _ _ _ _ _ _ _ _ _ _ _ _ _ _ _ _ _ _ _ _ _ _ _ _ _
C:\Python313\Lib\argparse.py:2192: in _parse_known_args
    stop_index = consume_positionals(start_index)
                 ^^^^^^^^^^^^^^^^^^^^^^^^^^^^^^^^
C:\Python313\Lib\argparse.py:2144: in consume_positionals
    take_action(action, args)
C:\Python313\Lib\argparse.py:1998: in take_action
    argument_values = self._get_values(action, argument_strings)
                      ^^^^^^^^^^^^^^^^^^^^^^^^^^^^^^^^^^^^^^^^^^
C:\Python313\Lib\argparse.py:2528: in _get_values
    self._check_value(action, value[0])
_ _ _ _ _ _ _ _ _ _ _ _ _ _ _ _ _ _ _ _ _ _ _ _ _ _ _ _ _ _ _ _ _ _ _ _ _ _ _ _

self = ArgumentParser(prog='wai', usage=None, description='Wheelwright AI - Build AI wheels that roll forward forever', formatter_class=<class 'argparse.RawDescriptionHelpFormatter'>, conflict_handler='error', add_help=True)
action = _SubParsersAction(option_strings=[], dest='verb', nargs='A...', const=None, default=None, type=None, choices={'init': ...ter'>, conflict_handler='error', add_help=True)}, required=False, help='Command verbs', metavar=None, deprecated=False)
value = 'invalid'

    def _check_value(self, action, value):
        # converted value must be one of the choices (if specified)
        choices = action.choices
        if choices is not None:
            if isinstance(choices, str):
                choices = iter(choices)
            if value not in choices:
                args = {'value': str(value),
                        'choices': ', '.join(map(str, action.choices))}
                msg = _('invalid choice: %(value)r (choose from %(choices)s)')
>               raise ArgumentError(action, msg % args)
E               argparse.ArgumentError: argument verb: invalid choice: 'invalid' (choose from init, learn, teach, stats, review)

C:\Python313\Lib\argparse.py:2578: ArgumentError

During handling of the above exception, another exception occurred:

self = <wai.cli.tests.test_main.TestMainEntryPoint object at 0x000001BD055849E0>
capsys = <_pytest.capture.CaptureFixture object at 0x000001BD05C75E50>

    def test_main_invalid_command(self, capsys):
        """main() should handle invalid command."""
>       result = main(['invalid'])
                 ^^^^^^^^^^^^^^^^^

wai\cli\tests\test_main.py:277: 
_ _ _ _ _ _ _ _ _ _ _ _ _ _ _ _ _ _ _ _ _ _ _ _ _ _ _ _ _ _ _ _ _ _ _ _ _ _ _ _
wai\cli\main.py:639: in main
    args = parser.parse_args(argv)
           ^^^^^^^^^^^^^^^^^^^^^^^
C:\Python313\Lib\argparse.py:1898: in parse_args
    args, argv = self.parse_known_args(args, namespace)
                 ^^^^^^^^^^^^^^^^^^^^^^^^^^^^^^^^^^^^^^
C:\Python313\Lib\argparse.py:1908: in parse_known_args
    return self._parse_known_args2(args, namespace, intermixed=False)
           ^^^^^^^^^^^^^^^^^^^^^^^^^^^^^^^^^^^^^^^^^^^^^^^^^^^^^^^^^^
C:\Python313\Lib\argparse.py:1939: in _parse_known_args2
    self.error(str(err))
C:\Python313\Lib\argparse.py:2658: in error
    self.exit(2, _('%(prog)s: error: %(message)s\n') % args)
_ _ _ _ _ _ _ _ _ _ _ _ _ _ _ _ _ _ _ _ _ _ _ _ _ _ _ _ _ _ _ _ _ _ _ _ _ _ _ _

self = ArgumentParser(prog='wai', usage=None, description='Wheelwright AI - Build AI wheels that roll forward forever', formatter_class=<class 'argparse.RawDescriptionHelpFormatter'>, conflict_handler='error', add_help=True)
status = 2
message = "wai: error: argument verb: invalid choice: 'invalid' (choose from init, learn, teach, stats, review)\n"

    def exit(self, status=0, message=None):
        if message:
            self._print_message(message, _sys.stderr)
>       _sys.exit(status)
E       SystemExit: 2

C:\Python313\Lib\argparse.py:2645: SystemExit
---------------------------- Captured stdout call -----------------------------

    +===============================================+
    |                                               |
    |         WHEELWRIGHT AI                        |
    |                                               |
    |             v3.2.0                            |
    |                                               |
    |   Build AI wheels that roll                   |
    |   forward forever                             |
    |                                               |
    +===============================================+
    
---------------------------- Captured stderr call -----------------------------
usage: wai [-h] [--version] [--no-animation]
           {init,learn,teach,stats,review} ...
wai: error: argument verb: invalid choice: 'invalid' (choose from init, learn, teach, stats, review)
_____________________ TestIntegration.test_json_workflow ______________________

self = <wai.cli.tests.test_main.TestIntegration object at 0x000001BD055BED50>
capsys = <_pytest.capture.CaptureFixture object at 0x000001BD058F0F50>

    def test_json_workflow(self, capsys):
        """Test JSON output workflow."""
        result = main(['learn', 'ProjectA', '--json'])
        assert result == 0
        captured = capsys.readouterr()
>       output = json.loads(captured.out)
                 ^^^^^^^^^^^^^^^^^^^^^^^^

wai\cli\tests\test_main.py:334: 
_ _ _ _ _ _ _ _ _ _ _ _ _ _ _ _ _ _ _ _ _ _ _ _ _ _ _ _ _ _ _ _ _ _ _ _ _ _ _ _
C:\Python313\Lib\json\__init__.py:346: in loads
    return _default_decoder.decode(s)
           ^^^^^^^^^^^^^^^^^^^^^^^^^^
C:\Python313\Lib\json\decoder.py:345: in decode
    obj, end = self.raw_decode(s, idx=_w(s, 0).end())
               ^^^^^^^^^^^^^^^^^^^^^^^^^^^^^^^^^^^^^^
_ _ _ _ _ _ _ _ _ _ _ _ _ _ _ _ _ _ _ _ _ _ _ _ _ _ _ _ _ _ _ _ _ _ _ _ _ _ _ _

self = <json.decoder.JSONDecoder object at 0x000001BD028C74D0>
s = '[INFO] Learning from spoke: ProjectA\n[INFO]   Priority: normal\n{\n  "status": "success",\n  "spoke": "ProjectA",\n ...ority": "normal"\n    },\n    {\n      "id": 69,\n      "priority": "normal"\n    }\n  ],\n  "priority": "normal"\n}\n'
idx = 0

    def raw_decode(self, s, idx=0):
        """Decode a JSON document from ``s`` (a ``str`` beginning with
        a JSON document) and return a 2-tuple of the Python
        representation and the index in ``s`` where the document ended.
    
        This can be used to decode a JSON document from a string that may
        have extraneous data at the end.
    
        """
        try:
            obj, end = self.scan_once(s, idx)
        except StopIteration as err:
>           raise JSONDecodeError("Expecting value", s, err.value) from None
E           json.decoder.JSONDecodeError: Expecting value: line 1 column 2 (char 1)

C:\Python313\Lib\json\decoder.py:363: JSONDecodeError
_________ TestWagonWheelErrorHandling.test_keyboard_interrupt_handled _________

self = <wai.cli.tests.test_wheel.TestWagonWheelErrorHandling object at 0x000001BD0561D950>
mock_stdout = <MagicMock name='stdout' id='1911350738432'>

    @patch('sys.stdout')
    def test_keyboard_interrupt_handled(self, mock_stdout):
        """roll should handle KeyboardInterrupt gracefully."""
        mock_stdout.write.side_effect = KeyboardInterrupt()
        wheel = WagonWheel(width=60, enabled=True)
        # Should not raise exception
        try:
>           wheel.roll(duration_ms=100)

wai\cli\tests\test_wheel.py:198: 
_ _ _ _ _ _ _ _ _ _ _ _ _ _ _ _ _ _ _ _ _ _ _ _ _ _ _ _ _ _ _ _ _ _ _ _ _ _ _ _
wai\cli\visuals\wheel.py:107: in roll
    sys.stdout.write(f"\r{' ' * self.width}\r")
C:\Python313\Lib\unittest\mock.py:1169: in __call__
    return self._mock_call(*args, **kwargs)
           ^^^^^^^^^^^^^^^^^^^^^^^^^^^^^^^^
C:\Python313\Lib\unittest\mock.py:1173: in _mock_call
    return self._execute_mock_call(*args, **kwargs)
           ^^^^^^^^^^^^^^^^^^^^^^^^^^^^^^^^^^^^^^^^
C:\Python313\Lib\unittest\mock.py:1228: in _execute_mock_call
    raise effect
wai\cli\visuals\wheel.py:97: in roll
    sys.stdout.write(f"\r{frame}")
C:\Python313\Lib\unittest\mock.py:1169: in __call__
    return self._mock_call(*args, **kwargs)
           ^^^^^^^^^^^^^^^^^^^^^^^^^^^^^^^^
C:\Python313\Lib\unittest\mock.py:1173: in _mock_call
    return self._execute_mock_call(*args, **kwargs)
           ^^^^^^^^^^^^^^^^^^^^^^^^^^^^^^^^^^^^^^^^
_ _ _ _ _ _ _ _ _ _ _ _ _ _ _ _ _ _ _ _ _ _ _ _ _ _ _ _ _ _ _ _ _ _ _ _ _ _ _ _

self = <MagicMock name='stdout.write' id='1911350738096'>
args = ('\\r\u25ce\u2500\u2500\u2500\u2500\u2500\u2500\u2500\u2500\u2500\u2500\u2500\u2500\u2500\u2500\u2500\u2500\u2500\u2500\u2500\u2500\u2500\u2500\u2500\u2500\u2500\u2500\u2500\u2500\u2500\u2500\u2500\u2500\u2500\u2500\u2500\u2500\u2500\u2500\u2500\u2500\u2500\u2500\u2500\u2500\u2500\u2500\u2500\u2500\u2500\u2500\u2500\u2500\u2500\u2500\u2500\u2500\u2500\u2500\u2500',)
kwargs = {}, effect = KeyboardInterrupt()

    def _execute_mock_call(self, /, *args, **kwargs):
        # separate from _increment_mock_call so that awaited functions are
        # executed separately from their call, also AsyncMock overrides this method
    
        effect = self.side_effect
        if effect is not None:
            if _is_exception(effect):
>               raise effect
E               KeyboardInterrupt

C:\Python313\Lib\unittest\mock.py:1228: KeyboardInterrupt

During handling of the above exception, another exception occurred:

self = <wai.cli.tests.test_wheel.TestWagonWheelErrorHandling object at 0x000001BD0561D950>
mock_stdout = <MagicMock name='stdout' id='1911350738432'>

    @patch('sys.stdout')
    def test_keyboard_interrupt_handled(self, mock_stdout):
        """roll should handle KeyboardInterrupt gracefully."""
        mock_stdout.write.side_effect = KeyboardInterrupt()
        wheel = WagonWheel(width=60, enabled=True)
        # Should not raise exception
        try:
            wheel.roll(duration_ms=100)
        except KeyboardInterrupt:
>           pytest.fail("KeyboardInterrupt should be handled")
E           Failed: KeyboardInterrupt should be handled

wai\cli\tests\test_wheel.py:200: Failed
=========================== short test summary info ===========================
FAILED wai/cli/tests/test_formatter.py::TestMessageFormatting::test_print_success
FAILED wai/cli/tests/test_formatter.py::TestMessageFormatting::test_print_error
FAILED wai/cli/tests/test_formatter.py::TestMessageFormatting::test_print_warning
FAILED wai/cli/tests/test_formatter.py::TestMessageFormatting::test_print_info
FAILED wai/cli/tests/test_formatter.py::TestTableFormatting::test_print_table_with_columns
FAILED wai/cli/tests/test_formatter.py::TestTableFormatting::test_print_table_with_title
FAILED wai/cli/tests/test_formatter.py::TestFormatterEdgeCases::test_print_success_empty_message
FAILED wai/cli/tests/test_formatter.py::TestFormatterRichIntegration::test_uses_rich_when_available
FAILED wai/cli/tests/test_formatter.py::TestFormatterIntegration::test_full_workflow
FAILED wai/cli/tests/test_integration.py::TestLearnCommandIntegration::test_learn_json_output_format
FAILED wai/cli/tests/test_integration.py::TestLearnCommandIntegration::test_learn_json_has_signals_array
FAILED wai/cli/tests/test_integration.py::TestTeachCommandIntegration::test_teach_json_output_format
FAILED wai/cli/tests/test_integration.py::TestOutputConsistency::test_json_output_is_valid_json
FAILED wai/cli/tests/test_main.py::TestCommandLearn::test_learn_json_output
FAILED wai/cli/tests/test_main.py::TestCommandTeach::test_teach_json_output
FAILED wai/cli/tests/test_main.py::TestCommandReview::test_review_json_output
FAILED wai/cli/tests/test_main.py::TestMainEntryPoint::test_main_no_args_shows_help
FAILED wai/cli/tests/test_main.py::TestMainEntryPoint::test_main_invalid_command
FAILED wai/cli/tests/test_main.py::TestIntegration::test_json_workflow - json...
FAILED wai/cli/tests/test_wheel.py::TestWagonWheelErrorHandling::test_keyboard_interrupt_handled
======================= 20 failed, 142 passed in 6.47s ========================
